<?xml version="1.0" encoding="utf-8"?><testsuites name="pytest tests"><testsuite name="pytest" errors="0" failures="0" skipped="0" tests="0" time="0.024" timestamp="2026-03-25T16:00:21.425161+01:00" hostname="WRO-NGEIOMUD-M3.local" /></testsuites>